// Vitest Snapshot v1, https://vitest.dev/guide/snapshot.html

exports[`TemplateSpotDetail.vue > keeps spot header html stable 1`] = `
"<div data-v-103d742e="" class="spot-detail-main-description">
  <div data-v-103d742e="" class="title-container">
    <h1 data-v-103d742e="">Test Spot</h1>
  </div>
  <div data-v-103d742e="">
    <p data-v-103d742e="">Address:</p>
    <p data-v-103d742e="">C-51 Shyam Park Extension</p>
    <p data-v-103d742e="">Ghaziabad</p>
    <p data-v-103d742e="">Uttar Pradesh</p>
  </div>
</div>"
`;

exports[`TemplateSpotDetail.vue > matches snapshot for first facility item 1`] = `
"<div data-v-103d742e="" class="facility-card"><span data-v-103d742e="" class="material-symbols-outlined">cctv_icon</span>
  <div data-v-103d742e="" class="facility-text">
    <div data-v-103d742e="">CCTV</div>
  </div>
</div>"
`;

exports[`TemplateSpotDetail.vue > matches snapshot for title section 1`] = `"<h1 data-v-103d742e="">Test Spot</h1>"`;
