// Vitest Snapshot v1, https://vitest.dev/guide/snapshot.html

exports[`TemplateFaq.vue - Complete Test Suite > renders contact section correctly 1`] = `"<p data-v-9012d662="" class="atom-paragraph mt-5 is-size-5 has-text-weight-semibold"> In case you have more queries, please feel free to <a data-v-9012d662="" href="/contact">contact us.</a></p>"`;

exports[`TemplateFaq.vue - Complete Test Suite > renders first FAQ item structure 1`] = `
"<div data-v-9012d662="" class="b-collapse-root card card" animation="slide">
  <div class="card-header" role="button" aria-controls="contentIdForA11y5-0" aria-expanded="false">
    <div data-v-9012d662="" class="card-header" role="button" aria-controls="contentIdForA11y5-0" aria-expanded="false">
      <p data-v-9012d662="" class="card-header-title">What is ParkSpot ?</p><a data-v-9012d662="" class="card-header-icon"><span data-v-9012d662="" class="icon" icon="menu-down"></span></a>
    </div>
  </div>
  <!--v-if-->
</div>"
`;

exports[`TemplateFaq.vue - Complete Test Suite > renders heading section correctly 1`] = `"<div data-v-9012d662="" class="atom-heading custom-title"> Frequently Asked Questions! </div>"`;
