// Vitest Snapshot v1, https://vitest.dev/guide/snapshot.html

exports[`TemplateVOPortal.vue > matches snapshot for benefits section only 1`] = `
"<div data-v-8f607a0e="" class="benefits">
  <ul data-v-8f607a0e="">
    <li data-v-8f607a0e=""><span data-v-8f607a0e="" class="material-symbols-outlined icon">group</span> 5000+ happy customers across various platforms.</li>
    <li data-v-8f607a0e=""><span data-v-8f607a0e="" class="material-symbols-outlined icon">id_card</span> Easy payment process with reminders.</li>
    <li data-v-8f607a0e=""><span data-v-8f607a0e="" class="material-symbols-outlined icon">payments</span> Hassle-free booking process with on-call support.</li>
    <li data-v-8f607a0e=""><span data-v-8f607a0e="" class="material-symbols-outlined icon">support_agent</span> KYC because we care for your security.</li>
    <li data-v-8f607a0e=""><span data-v-8f607a0e="" class="material-symbols-outlined icon">location_city</span> Multi-city presence with a wide network.</li>
  </ul>
</div>"
`;

exports[`TemplateVOPortal.vue > matches snapshot for heading container only 1`] = `
"<div data-v-8f607a0e="" class="heading-container">
  <h2 data-v-8f607a0e=""> We Would love to serve you! </h2>
  <p data-v-8f607a0e="" class="sub-heading"> Get your safe and secure hassle free parking space near you </p>
</div>"
`;
