// Vitest Snapshot v1, https://vitest.dev/guide/snapshot.html

exports[`TemplateSpotDetail.vue > matches snapshot for first facility item 1`] = `
"<div class="facility-card"><span class="material-symbols-outlined">cctv_icon</span>
  <div class="facility-text">
    <div>CCTV</div>
  </div>
</div>"
`;

exports[`TemplateSpotDetail.vue > matches snapshot for title section 1`] = `"<h1>Test Spot</h1>"`;
