// Vitest Snapshot v1, https://vitest.dev/guide/snapshot.html

exports[`TemplateBlogHome.vue , Complete Test Suite > matches snapshot for blog list section 1`] = `
"<div data-v-dccb58de="" class="blog-container">
  <div data-v-dccb58de="" class="molecule-blog-card" data-aos="zoom-in-up">
    <h3>Blog 1</h3>
    <p>Excerpt 1</p>
  </div>
  <div data-v-dccb58de="" class="molecule-blog-card" data-aos="zoom-in-up">
    <h3>Blog 2</h3>
    <p>Excerpt 2</p>
  </div>
</div>"
`;
