// Vitest Snapshot v1, https://vitest.dev/guide/snapshot.html

exports[`PageSpotDetail.vue - Complete Test Suite > matches snapshot for loading state 1`] = `"<div class="loader-modal"></div>"`;

exports[`PageSpotDetail.vue - Complete Test Suite > renders loading state correctly snapshot 1`] = `"<div class="loader-modal"></div>"`;
