// Vitest Snapshot v1, https://vitest.dev/guide/snapshot.html

exports[`Blog Store - Complete Test Suite > matches snapshot for first blog item 1`] = `
{
  "author": "Nikhil Surya Mukhi",
  "author_img": "/assets/team/nik.jpg",
  "component": "OrganismEliminatingTrafficPageDesign",
  "dateTime": "2020-02-11",
  "desc": "In the recent years all over the globe production 
                and demand for motor vehicles has increased dramatically.
                Earlier motor vehicles...",
  "id": "eliminating-traffic-jams-in-india",
  "img": "/assets/blog/blog1.jpg",
  "thumbnail": "/assets/blog/blog1-thumbnail.jpg",
  "time": "Nov 2, 2020",
  "title": "Eliminating Traffic jams in India!",
}
`;
